SID: AC063734a0fbcd0d2eb4ce9b1b5c8786b9
TOKEN: EXISTS
FROM: +14155238886
Twilio Client Initialized
Message Success! SID: SM8634c30ed96c1e26f8dab0f31bf7bbbe
